﻿cargo : warning: unused import: `crate::project::ProjectConfig`
At line:1 char:1
+ cargo check -p fluxion-editor 2> build_errors.txt; type build_errors. ...
+ ~~~~~~~~~~~~~~~~~~~~~~~~~~~~~~~~~~~~~~~~~~~~~~~~~
    + CategoryInfo          : NotSpecified: (warning: unused...:ProjectConfig`:String) [], RemoteException
    + FullyQualifiedErrorId : NativeCommandError
 
 --> crates\fluxion-core\src\templates\installer.rs:9:5
  |
9 | use crate::project::ProjectConfig;
  |     ^^^^^^^^^^^^^^^^^^^^^^^^^^^^^
  |
  = note: `#[warn(unused_imports)]` (part of `#[warn(unused)]`) on by default

warning: unused import: `ProjectTemplate`
 --> crates\fluxion-core\src\templates\installer.rs:8:13
  |
8 | use super::{ProjectTemplate, TemplateOptions};
  |             ^^^^^^^^^^^^^^^

warning: unused variable: `options`
  --> crates\fluxion-core\src\templates\templates.rs:71:52
   |
71 |     fn create_directories(&self, base_path: &Path, options: &TemplateOptions) -> Result<(), String> {
   |                                                    ^^^^^^^ help: if this is intentional, prefix it with an underscore: `_options`
   |
   = note: `#[warn(unused_variables)]` (part of `#[warn(unused)]`) on by default

warning: unused variable: `options`
   --> crates\fluxion-core\src\templates\templates.rs:193:52
    |
193 |     fn create_directories(&self, base_path: &Path, options: &TemplateOptions) -> Result<(), String> {
    |                                                    ^^^^^^^ help: if this is intentional, prefix it with an underscore: `_options`

warning: unused variable: `options`
   --> crates\fluxion-core\src\templates\templates.rs:287:52
    |
287 |     fn create_directories(&self, base_path: &Path, options: &TemplateOptions) -> Result<(), String> {
    |                                                    ^^^^^^^ help: if this is intentional, prefix it with an underscore: `_options`

warning: unused variable: `options`
   --> crates\fluxion-core\src\templates\templates.rs:308:46
    |
308 |     fn create_files(&self, base_path: &Path, options: &TemplateOptions) -> Result<(), String> {
    |                                              ^^^^^^^ help: if this is intentional, prefix it with an underscore: `_options`

warning: creating a shared reference to mutable static
   --> crates\fluxion-core\src\templates\registry.rs:124:9
    |
124 |         GLOBAL_REGISTRY.as_ref().unwrap()
    |         ^^^^^^^^^^^^^^^^^^^^^^^^ shared reference to mutable static
    |
    = note: for more information, see <https://doc.rust-lang.org/edition-guide/rust-2024/static-mut-references.html>
    = note: shared references to mutable statics are dangerous; it's undefined behavior if the static is mutated or if a mutable reference is created for it while the shared reference lives
    = note: `#[warn(static_mut_refs)]` (part of `#[warn(rust_2024_compatibility)]`) on by default

warning: `fluxion-core` (lib) generated 7 warnings (run `cargo fix --lib -p fluxion-core` to apply 5 suggestions)
warning: use of deprecated method `cpal::traits::DeviceTrait::name`: Use `description()` for comprehensive device information including name, manufacturer, and device type. Use `id()` for a unique, stable device identifier that persists across
 reboots and reconnections.
   --> crates\fluxion-audio\src\lib.rs:243:29
    |
243 |         let name   = device.name().ok();
    |                             ^^^^
    |
    = note: `#[warn(deprecated)]` on by default

warning: `fluxion-audio` (lib) generated 1 warning
warning: unused import: `get_editor_cam_entity_id`
  --> crates\fluxion-editor\src\rune_bindings\mod.rs:27:28
   |
27 |     set_editor_cam_entity, get_editor_cam_entity_id,
   |                            ^^^^^^^^^^^^^^^^^^^^^^^^
   |
   = note: `#[warn(unused_imports)]` (part of `#[warn(unused)]`) on by default

warning: unused imports: `get_fullscreen` and `get_layout`
  --> crates\fluxion-editor\src\rune_bindings\mod.rs:36:67
   |
36 | pub use viewport_module::{set_viewport_texture, set_pane_texture, get_layout, get_fullscreen};
   |                                                                   ^^^^^^^^^^  ^^^^^^^^^^^^^^

warning: use of deprecated method `egui::Button::<'a>::rounding`: Renamed to `corner_radius`
    --> crates\fluxion-editor\src\rune_bindings\ui_module.rs:3671:22
     |
3671 |                     .rounding(4.0)
     |                      ^^^^^^^^
     |
     = note: `#[warn(deprecated)]` on by default

warning: unused variable: `id`
   --> crates\fluxion-editor\src\project_chooser.rs:267:47
    |
267 |                 let template_id = if let Some(id) = self.template_registry.get_all().iter()
    |                                               ^^ help: if this is intentional, prefix it with an underscore: `_id`
    |
    = note: `#[warn(unused_variables)]` (part of `#[warn(unused)]`) on by default

warning: method `create_new` is never used
   --> crates\fluxion-editor\src\project_chooser.rs:484:8
    |
 48 | impl ProjectChooser {
    | ------------------- method in this implementation
...
484 |     fn create_new(&mut self) {
    |        ^^^^^^^^^^
    |
    = note: `#[warn(dead_code)]` (part of `#[warn(unused)]`) on by default

warning: function `get_editor_cam_entity_id` is never used
   --> crates\fluxion-editor\src\rune_bindings\world_module.rs:292:8
    |
292 | pub fn get_editor_cam_entity_id() -> i64 {
    |        ^^^^^^^^^^^^^^^^^^^^^^^^

warning: function `get_fullscreen` is never used
   --> crates\fluxion-editor\src\rune_bindings\viewport_module.rs:135:8
    |
135 | pub fn get_fullscreen() -> bool {
    |        ^^^^^^^^^^^^^^

warning: `fluxion-editor` (bin "fluxion-editor") generated 7 warnings (run `cargo fix --bin "fluxion-editor" -p fluxion-editor` to apply 3 suggestions)
    Finished `dev` profile [unoptimized + debuginfo] target(s) in 1.61s
